// Jest Snapshot v1, https://goo.gl/fbAQLP

exports[`withCollapse is render correctly 1`] = `<div />`;
