// Jest Snapshot v1, https://goo.gl/fbAQLP

exports[`Should PlaceCard render correctly 1`] = `
<article
  className="near-places__card place-card"
  onMouseEnter={[Function]}
  onMouseLeave={[Function]}
>
  
  <div
    className="near-places__image-wrapper place-card__image-wrapper"
  >
    <a
      href="/offer/1"
      onClick={[Function]}
    >
      <img
        alt="Place image"
        className="place-card__image"
        height="200"
        src="https://assets.htmlacademy.ru/intensives/javascript-3/hotel/14.jpg"
        width="260"
      />
    </a>
  </div>
  <div
    className="place-card__info"
  >
    <div
      className="place-card__price-wrapper"
    >
      <div
        className="place-card__price"
      >
        <b
          className="place-card__price-value"
        >
          €
          493
        </b>
        <span
          className="place-card__price-text"
        >
          / night
        </span>
      </div>
      <FavoriteButton
        btnType="place-card"
        offerId={1}
      />
    </div>
    <div
      className="place-card__rating rating"
    >
      <div
        className="place-card__stars rating__stars"
      >
        <span
          style={
            Object {
              "width": "76%",
            }
          }
        />
        <span
          className="visually-hidden"
        >
          Rating
        </span>
      </div>
    </div>
    <h2
      className="place-card__name"
    >
      <a
        href="/offer/1"
        onClick={[Function]}
      >
        The house among olive 
      </a>
    </h2>
    <p
      className="place-card__type"
    >
      House
    </p>
  </div>
</article>
`;
