// Jest Snapshot v1, https://goo.gl/fbAQLP

exports[`Should Map render correctly 1`] = `
<div
  id="map"
  style={
    Object {
      "display": "flex",
      "height": "100%",
      "margin": "0 auto",
      "width": 1144,
    }
  }
/>
`;
