// Jest Snapshot v1, https://goo.gl/fbAQLP

exports[`Header render correctly Should Favorites render correctly with offers 1`] = `
<div
  className="page page--favorites-empty"
>
  <Header />
  <FavoritesEmpty />
  <footer
    className="footer container"
  >
    <a
      className="footer__logo-link"
      href="main.html"
    >
      <img
        alt="6 cities logo"
        className="footer__logo"
        height="33"
        src="/img/logo.svg"
        width="64"
      />
    </a>
  </footer>
</div>
`;

exports[`Header render correctly Should Favorites render correctly without offers 1`] = `
<div
  className="page page--favorites-empty"
>
  <Header />
  <FavoritesEmpty />
  <footer
    className="footer container"
  >
    <a
      className="footer__logo-link"
      href="main.html"
    >
      <img
        alt="6 cities logo"
        className="footer__logo"
        height="33"
        src="/img/logo.svg"
        width="64"
      />
    </a>
  </footer>
</div>
`;
