// Jest Snapshot v1, https://goo.gl/fbAQLP

exports[`Should Menu render correctly 1`] = `
<section
  className="locations container"
>
  <ul
    className="locations__list tabs__list"
  >
    <li
      className="locations__item"
    >
      <a
        className="locations__item-link tabs__item tabs__item--active"
        data-location="Paris"
        href="#"
        onClick={[Function]}
      >
        <span>
          Paris
        </span>
      </a>
    </li>
    <li
      className="locations__item"
    >
      <a
        className="locations__item-link tabs__item "
        data-location="Cologne"
        href="#"
        onClick={[Function]}
      >
        <span>
          Cologne
        </span>
      </a>
    </li>
    <li
      className="locations__item"
    >
      <a
        className="locations__item-link tabs__item "
        data-location="Brussels"
        href="#"
        onClick={[Function]}
      >
        <span>
          Brussels
        </span>
      </a>
    </li>
    <li
      className="locations__item"
    >
      <a
        className="locations__item-link tabs__item "
        data-location="Amsterdam"
        href="#"
        onClick={[Function]}
      >
        <span>
          Amsterdam
        </span>
      </a>
    </li>
    <li
      className="locations__item"
    >
      <a
        className="locations__item-link tabs__item "
        data-location="Hamburg"
        href="#"
        onClick={[Function]}
      >
        <span>
          Hamburg
        </span>
      </a>
    </li>
    <li
      className="locations__item"
    >
      <a
        className="locations__item-link tabs__item "
        data-location="Dusseldorf"
        href="#"
        onClick={[Function]}
      >
        <span>
          Dusseldorf
        </span>
      </a>
    </li>
  </ul>
</section>
`;
