// Jest Snapshot v1, https://goo.gl/fbAQLP

exports[`withReview is render correctly 1`] = `<div />`;
