// Jest Snapshot v1, https://goo.gl/fbAQLP

exports[`Main render correctly Should Main render correctly with offers 1`] = `
<div
  className="page page--gray page--main "
>
  <Header />
  <main
    className="page__main page__main--index "
  >
    <h1
      className="visually-hidden"
    >
      Cities
    </h1>
    <div
      className="tabs"
    >
      <Menu />
    </div>
    <div
      className="cities"
    >
      <div
        className="cities__places-container container"
      >
        <section
          className="cities__places places"
        >
          <h2
            className="visually-hidden"
          >
            Places
          </h2>
          <b
            className="places__found"
          >
            3
             places to stay in 
            Paris
          </b>
          <Sortlist />
          <PlacesList
            currentClasses={
              Object {
                "cardClass": "cities__place-card",
                "imgClass": "cities__image-wrapper",
                "listClass": "cities__places-list tabs__content",
              }
            }
            offers={
              Array [
                Object {
                  "bedrooms": 3,
                  "city": Object {
                    "location": Object {
                      "latitude": 50.938361,
                      "longitude": 6.959974,
                      "zoom": 13,
                    },
                    "name": "Cologne",
                  },
                  "description": "Discover daily local life in city center, friendly neighborhood, clandestine casino, karaoke, old-style artisans, art gallery and artist studio downstairs.",
                  "goods": Array [
                    "Laptop friendly workspace",
                    "Washer",
                    "Towels",
                    "Fridge",
                    "Air conditioning",
                    "Baby seat",
                    "Breakfast",
                  ],
                  "host": Object {
                    "avatarUrl": "img/avatar-angelina.jpg",
                    "isPro": true,
                  },
                  "id": 1,
                  "images": Array [
                    "https://assets.htmlacademy.ru/intensives/javascript-3/hotel/15.jpg",
                    "https://assets.htmlacademy.ru/intensives/javascript-3/hotel/16.jpg",
                    "https://assets.htmlacademy.ru/intensives/javascript-3/hotel/9.jpg",
                    "https://assets.htmlacademy.ru/intensives/javascript-3/hotel/10.jpg",
                    "https://assets.htmlacademy.ru/intensives/javascript-3/hotel/4.jpg",
                    "https://assets.htmlacademy.ru/intensives/javascript-3/hotel/19.jpg",
                    "https://assets.htmlacademy.ru/intensives/javascript-3/hotel/14.jpg",
                    "https://assets.htmlacademy.ru/intensives/javascript-3/hotel/3.jpg",
                    "https://assets.htmlacademy.ru/intensives/javascript-3/hotel/2.jpg",
                    "https://assets.htmlacademy.ru/intensives/javascript-3/hotel/11.jpg",
                    "https://assets.htmlacademy.ru/intensives/javascript-3/hotel/1.jpg",
                    "https://assets.htmlacademy.ru/intensives/javascript-3/hotel/17.jpg",
                    "https://assets.htmlacademy.ru/intensives/javascript-3/hotel/5.jpg",
                    "https://assets.htmlacademy.ru/intensives/javascript-3/hotel/13.jpg",
                  ],
                  "isFavorite": false,
                  "isPremium": false,
                  "location": Object {
                    "latitude": 50.957361,
                    "longitude": 6.9509739999999995,
                    "zoom": 16,
                  },
                  "maxAdults": 4,
                  "previewImage": "https://assets.htmlacademy.ru/intensives/javascript-3/hotel/14.jpg",
                  "price": 493,
                  "rating": 3.8,
                  "title": "The house among olive ",
                  "type": "HOUSE",
                },
                Object {
                  "bedrooms": 3,
                  "city": Object {
                    "location": Object {
                      "latitude": 50.846557,
                      "longitude": 4.351697,
                      "zoom": 13,
                    },
                    "name": "Brussels",
                  },
                  "description": "This is a place for dreamers to reset, reflect, and create. Designed with a \`slow\` pace in mind, our hope is that you enjoy every part of your stay; from making local coffee by drip in the morning, choosing the perfect record to put on as the sun sets.",
                  "goods": Array [
                    "Towels",
                    "Baby seat",
                    "Laptop friendly workspace",
                    "Dishwasher",
                    "Washing machine",
                    "Air conditioning",
                    "Washer",
                    "Coffee machine",
                    "Breakfast",
                    "Fridge",
                  ],
                  "host": Object {
                    "avatarUrl": "img/avatar-angelina.jpg",
                    "isPro": true,
                  },
                  "id": 2,
                  "images": Array [
                    "https://assets.htmlacademy.ru/intensives/javascript-3/hotel/3.jpg",
                    "https://assets.htmlacademy.ru/intensives/javascript-3/hotel/10.jpg",
                    "https://assets.htmlacademy.ru/intensives/javascript-3/hotel/11.jpg",
                    "https://assets.htmlacademy.ru/intensives/javascript-3/hotel/20.jpg",
                    "https://assets.htmlacademy.ru/intensives/javascript-3/hotel/14.jpg",
                    "https://assets.htmlacademy.ru/intensives/javascript-3/hotel/7.jpg",
                    "https://assets.htmlacademy.ru/intensives/javascript-3/hotel/13.jpg",
                    "https://assets.htmlacademy.ru/intensives/javascript-3/hotel/19.jpg",
                    "https://assets.htmlacademy.ru/intensives/javascript-3/hotel/18.jpg",
                    "https://assets.htmlacademy.ru/intensives/javascript-3/hotel/16.jpg",
                    "https://assets.htmlacademy.ru/intensives/javascript-3/hotel/8.jpg",
                    "https://assets.htmlacademy.ru/intensives/javascript-3/hotel/15.jpg",
                    "https://assets.htmlacademy.ru/intensives/javascript-3/hotel/9.jpg",
                    "https://assets.htmlacademy.ru/intensives/javascript-3/hotel/4.jpg",
                  ],
                  "isFavorite": false,
                  "isPremium": false,
                  "location": Object {
                    "latitude": 50.839557,
                    "longitude": 4.346697,
                    "zoom": 16,
                  },
                  "maxAdults": 8,
                  "previewImage": "https://assets.htmlacademy.ru/intensives/javascript-3/hotel/8.jpg",
                  "price": 323,
                  "rating": 4.3,
                  "title": "Amazing and Extremely Central Flat",
                  "type": "APARTMENT",
                },
                Object {
                  "bedrooms": 4,
                  "city": Object {
                    "location": Object {
                      "latitude": 50.846557,
                      "longitude": 4.351697,
                      "zoom": 13,
                    },
                    "name": "Brussels",
                  },
                  "description": "Relax, rejuvenate and unplug in this ultimate rustic getaway experience in the country. In our beautiful screened Pondhouse, you can gaze at the stars and listen to the sounds of nature from your cozy warm bed.",
                  "goods": Array [
                    "Washer",
                    "Laptop friendly workspace",
                    "Breakfast",
                    "Air conditioning",
                    "Baby seat",
                  ],
                  "host": Object {
                    "avatarUrl": "img/avatar-angelina.jpg",
                    "isPro": true,
                  },
                  "id": 3,
                  "images": Array [
                    "https://assets.htmlacademy.ru/intensives/javascript-3/hotel/2.jpg",
                    "https://assets.htmlacademy.ru/intensives/javascript-3/hotel/1.jpg",
                    "https://assets.htmlacademy.ru/intensives/javascript-3/hotel/16.jpg",
                    "https://assets.htmlacademy.ru/intensives/javascript-3/hotel/12.jpg",
                    "https://assets.htmlacademy.ru/intensives/javascript-3/hotel/17.jpg",
                    "https://assets.htmlacademy.ru/intensives/javascript-3/hotel/5.jpg",
                    "https://assets.htmlacademy.ru/intensives/javascript-3/hotel/11.jpg",
                    "https://assets.htmlacademy.ru/intensives/javascript-3/hotel/6.jpg",
                    "https://assets.htmlacademy.ru/intensives/javascript-3/hotel/4.jpg",
                    "https://assets.htmlacademy.ru/intensives/javascript-3/hotel/8.jpg",
                    "https://assets.htmlacademy.ru/intensives/javascript-3/hotel/19.jpg",
                    "https://assets.htmlacademy.ru/intensives/javascript-3/hotel/7.jpg",
                    "https://assets.htmlacademy.ru/intensives/javascript-3/hotel/10.jpg",
                    "https://assets.htmlacademy.ru/intensives/javascript-3/hotel/3.jpg",
                  ],
                  "isFavorite": false,
                  "isPremium": false,
                  "location": Object {
                    "latitude": 50.865556999999995,
                    "longitude": 4.371696999999999,
                    "zoom": 16,
                  },
                  "maxAdults": 7,
                  "previewImage": "https://assets.htmlacademy.ru/intensives/javascript-3/hotel/16.jpg",
                  "price": 218,
                  "rating": 4.6,
                  "title": "The house among olive ",
                  "type": "APARTMENT",
                },
              ]
            }
          />
        </section>
        <div
          className="cities__right-section"
        >
          <section
            className="cities__map map"
          >
            <Map
              mapStyle={
                Object {
                  "display": "flex",
                  "height": "100%",
                  "width": "100%",
                }
              }
              offers={
                Array [
                  Object {
                    "bedrooms": 3,
                    "city": Object {
                      "location": Object {
                        "latitude": 50.938361,
                        "longitude": 6.959974,
                        "zoom": 13,
                      },
                      "name": "Cologne",
                    },
                    "description": "Discover daily local life in city center, friendly neighborhood, clandestine casino, karaoke, old-style artisans, art gallery and artist studio downstairs.",
                    "goods": Array [
                      "Laptop friendly workspace",
                      "Washer",
                      "Towels",
                      "Fridge",
                      "Air conditioning",
                      "Baby seat",
                      "Breakfast",
                    ],
                    "host": Object {
                      "avatarUrl": "img/avatar-angelina.jpg",
                      "isPro": true,
                    },
                    "id": 1,
                    "images": Array [
                      "https://assets.htmlacademy.ru/intensives/javascript-3/hotel/15.jpg",
                      "https://assets.htmlacademy.ru/intensives/javascript-3/hotel/16.jpg",
                      "https://assets.htmlacademy.ru/intensives/javascript-3/hotel/9.jpg",
                      "https://assets.htmlacademy.ru/intensives/javascript-3/hotel/10.jpg",
                      "https://assets.htmlacademy.ru/intensives/javascript-3/hotel/4.jpg",
                      "https://assets.htmlacademy.ru/intensives/javascript-3/hotel/19.jpg",
                      "https://assets.htmlacademy.ru/intensives/javascript-3/hotel/14.jpg",
                      "https://assets.htmlacademy.ru/intensives/javascript-3/hotel/3.jpg",
                      "https://assets.htmlacademy.ru/intensives/javascript-3/hotel/2.jpg",
                      "https://assets.htmlacademy.ru/intensives/javascript-3/hotel/11.jpg",
                      "https://assets.htmlacademy.ru/intensives/javascript-3/hotel/1.jpg",
                      "https://assets.htmlacademy.ru/intensives/javascript-3/hotel/17.jpg",
                      "https://assets.htmlacademy.ru/intensives/javascript-3/hotel/5.jpg",
                      "https://assets.htmlacademy.ru/intensives/javascript-3/hotel/13.jpg",
                    ],
                    "isFavorite": false,
                    "isPremium": false,
                    "location": Object {
                      "latitude": 50.957361,
                      "longitude": 6.9509739999999995,
                      "zoom": 16,
                    },
                    "maxAdults": 4,
                    "previewImage": "https://assets.htmlacademy.ru/intensives/javascript-3/hotel/14.jpg",
                    "price": 493,
                    "rating": 3.8,
                    "title": "The house among olive ",
                    "type": "HOUSE",
                  },
                  Object {
                    "bedrooms": 3,
                    "city": Object {
                      "location": Object {
                        "latitude": 50.846557,
                        "longitude": 4.351697,
                        "zoom": 13,
                      },
                      "name": "Brussels",
                    },
                    "description": "This is a place for dreamers to reset, reflect, and create. Designed with a \`slow\` pace in mind, our hope is that you enjoy every part of your stay; from making local coffee by drip in the morning, choosing the perfect record to put on as the sun sets.",
                    "goods": Array [
                      "Towels",
                      "Baby seat",
                      "Laptop friendly workspace",
                      "Dishwasher",
                      "Washing machine",
                      "Air conditioning",
                      "Washer",
                      "Coffee machine",
                      "Breakfast",
                      "Fridge",
                    ],
                    "host": Object {
                      "avatarUrl": "img/avatar-angelina.jpg",
                      "isPro": true,
                    },
                    "id": 2,
                    "images": Array [
                      "https://assets.htmlacademy.ru/intensives/javascript-3/hotel/3.jpg",
                      "https://assets.htmlacademy.ru/intensives/javascript-3/hotel/10.jpg",
                      "https://assets.htmlacademy.ru/intensives/javascript-3/hotel/11.jpg",
                      "https://assets.htmlacademy.ru/intensives/javascript-3/hotel/20.jpg",
                      "https://assets.htmlacademy.ru/intensives/javascript-3/hotel/14.jpg",
                      "https://assets.htmlacademy.ru/intensives/javascript-3/hotel/7.jpg",
                      "https://assets.htmlacademy.ru/intensives/javascript-3/hotel/13.jpg",
                      "https://assets.htmlacademy.ru/intensives/javascript-3/hotel/19.jpg",
                      "https://assets.htmlacademy.ru/intensives/javascript-3/hotel/18.jpg",
                      "https://assets.htmlacademy.ru/intensives/javascript-3/hotel/16.jpg",
                      "https://assets.htmlacademy.ru/intensives/javascript-3/hotel/8.jpg",
                      "https://assets.htmlacademy.ru/intensives/javascript-3/hotel/15.jpg",
                      "https://assets.htmlacademy.ru/intensives/javascript-3/hotel/9.jpg",
                      "https://assets.htmlacademy.ru/intensives/javascript-3/hotel/4.jpg",
                    ],
                    "isFavorite": false,
                    "isPremium": false,
                    "location": Object {
                      "latitude": 50.839557,
                      "longitude": 4.346697,
                      "zoom": 16,
                    },
                    "maxAdults": 8,
                    "previewImage": "https://assets.htmlacademy.ru/intensives/javascript-3/hotel/8.jpg",
                    "price": 323,
                    "rating": 4.3,
                    "title": "Amazing and Extremely Central Flat",
                    "type": "APARTMENT",
                  },
                  Object {
                    "bedrooms": 4,
                    "city": Object {
                      "location": Object {
                        "latitude": 50.846557,
                        "longitude": 4.351697,
                        "zoom": 13,
                      },
                      "name": "Brussels",
                    },
                    "description": "Relax, rejuvenate and unplug in this ultimate rustic getaway experience in the country. In our beautiful screened Pondhouse, you can gaze at the stars and listen to the sounds of nature from your cozy warm bed.",
                    "goods": Array [
                      "Washer",
                      "Laptop friendly workspace",
                      "Breakfast",
                      "Air conditioning",
                      "Baby seat",
                    ],
                    "host": Object {
                      "avatarUrl": "img/avatar-angelina.jpg",
                      "isPro": true,
                    },
                    "id": 3,
                    "images": Array [
                      "https://assets.htmlacademy.ru/intensives/javascript-3/hotel/2.jpg",
                      "https://assets.htmlacademy.ru/intensives/javascript-3/hotel/1.jpg",
                      "https://assets.htmlacademy.ru/intensives/javascript-3/hotel/16.jpg",
                      "https://assets.htmlacademy.ru/intensives/javascript-3/hotel/12.jpg",
                      "https://assets.htmlacademy.ru/intensives/javascript-3/hotel/17.jpg",
                      "https://assets.htmlacademy.ru/intensives/javascript-3/hotel/5.jpg",
                      "https://assets.htmlacademy.ru/intensives/javascript-3/hotel/11.jpg",
                      "https://assets.htmlacademy.ru/intensives/javascript-3/hotel/6.jpg",
                      "https://assets.htmlacademy.ru/intensives/javascript-3/hotel/4.jpg",
                      "https://assets.htmlacademy.ru/intensives/javascript-3/hotel/8.jpg",
                      "https://assets.htmlacademy.ru/intensives/javascript-3/hotel/19.jpg",
                      "https://assets.htmlacademy.ru/intensives/javascript-3/hotel/7.jpg",
                      "https://assets.htmlacademy.ru/intensives/javascript-3/hotel/10.jpg",
                      "https://assets.htmlacademy.ru/intensives/javascript-3/hotel/3.jpg",
                    ],
                    "isFavorite": false,
                    "isPremium": false,
                    "location": Object {
                      "latitude": 50.865556999999995,
                      "longitude": 4.371696999999999,
                      "zoom": 16,
                    },
                    "maxAdults": 7,
                    "previewImage": "https://assets.htmlacademy.ru/intensives/javascript-3/hotel/16.jpg",
                    "price": 218,
                    "rating": 4.6,
                    "title": "The house among olive ",
                    "type": "APARTMENT",
                  },
                ]
              }
            />
          </section>
        </div>
      </div>
    </div>
  </main>
</div>
`;

exports[`Main render correctly Should Main render correctly without offers 1`] = `
<div
  className="page page--gray page--main page__main--index-empty"
>
  <Header />
  <main
    className="page__main page__main--index cities__places-container--empty"
  >
    <h1
      className="visually-hidden"
    >
      Cities
    </h1>
    <div
      className="tabs"
    >
      <Menu />
    </div>
    <div
      className="cities"
    >
      <MainEmpty />
    </div>
  </main>
</div>
`;
